01:09:42 **** Incremental Build of configuration Debug for project 1 ****
make -j16 all 
arm-none-eabi-gcc "../Core/Src/main.c" -mcpu=cortex-m4 -std=gnu11 -g3 -DDEBUG -DUSE_HAL_DRIVER -DSTM32F411xE -c -I../Core/Inc -I../Drivers/STM32F4xx_HAL_Driver/Inc -I../Drivers/STM32F4xx_HAL_Driver/Inc/Legacy -I../Drivers/CMSIS/Device/ST/STM32F4xx/Include -I../Drivers/CMSIS/Include -O0 -ffunction-sections -fdata-sections -Wall -fstack-usage -MMD -MP -MF"Core/Src/main.d" -MT"Core/Src/main.o" --specs=nano.specs -mfpu=fpv4-sp-d16 -mfloat-abi=hard -mthumb -o "Core/Src/main.o"
../Core/Src/main.c: In function 'RPM_Unit':
../Core/Src/main.c:416:1: warning: control reaches end of non-void function [-Wreturn-type]
  416 | }
      | ^
arm-none-eabi-gcc -o "1.elf" @"objects.list"   -mcpu=cortex-m4 -T"D:\git\LAB3_01\LAB3_MotorControl\1\STM32F411RETX_FLASH.ld" --specs=nosys.specs -Wl,-Map="1.map" -Wl,--gc-sections -static --specs=nano.specs -mfpu=fpv4-sp-d16 -mfloat-abi=hard -mthumb -Wl,--start-group -lc -lm -Wl,--end-group
Finished building target: 1.elf
 
arm-none-eabi-size   1.elf 
arm-none-eabi-objdump -h -S  1.elf  > "1.list"
arm-none-eabi-objcopy  -O binary  1.elf  "1.bin"
   text	   data	    bss	    dec	    hex	filename
  18824	     24	   1984	  20832	   5160	1.elf
Finished building: default.size.stdout
 
Finished building: 1.bin
 
Finished building: 1.list
 
01:09:54 **** Incremental Build of configuration Debug for project 1 ****
make -j16 all 
arm-none-eabi-size   1.elf 
   text	   data	    bss	    dec	    hex	filename
  18824	     24	   1984	  20832	   5160	1.elf
Finished building: default.size.stdout
 
